// Jest Snapshot v1, https://goo.gl/fbAQLP

exports[`productsQuery test should be the correct query 1`] = `
Object {
  "Products": Object {
    "definitions": Array [
      Object {
        "directives": Array [],
        "kind": "OperationDefinition",
        "name": Object {
          "kind": "Name",
          "value": "Products",
        },
        "operation": "query",
        "selectionSet": Object {
          "kind": "SelectionSet",
          "selections": Array [
            Object {
              "arguments": Array [
                Object {
                  "kind": "Argument",
                  "name": Object {
                    "kind": "Name",
                    "value": "query",
                  },
                  "value": Object {
                    "kind": "Variable",
                    "name": Object {
                      "kind": "Name",
                      "value": "query",
                    },
                  },
                },
                Object {
                  "kind": "Argument",
                  "name": Object {
                    "kind": "Name",
                    "value": "category",
                  },
                  "value": Object {
                    "kind": "Variable",
                    "name": Object {
                      "kind": "Name",
                      "value": "category",
                    },
                  },
                },
                Object {
                  "kind": "Argument",
                  "name": Object {
                    "kind": "Name",
                    "value": "specificationFilters",
                  },
                  "value": Object {
                    "kind": "Variable",
                    "name": Object {
                      "kind": "Name",
                      "value": "specificationFilters",
                    },
                  },
                },
                Object {
                  "kind": "Argument",
                  "name": Object {
                    "kind": "Name",
                    "value": "priceRange",
                  },
                  "value": Object {
                    "kind": "Variable",
                    "name": Object {
                      "kind": "Name",
                      "value": "priceRange",
                    },
                  },
                },
                Object {
                  "kind": "Argument",
                  "name": Object {
                    "kind": "Name",
                    "value": "collection",
                  },
                  "value": Object {
                    "kind": "Variable",
                    "name": Object {
                      "kind": "Name",
                      "value": "collection",
                    },
                  },
                },
                Object {
                  "kind": "Argument",
                  "name": Object {
                    "kind": "Name",
                    "value": "orderBy",
                  },
                  "value": Object {
                    "kind": "Variable",
                    "name": Object {
                      "kind": "Name",
                      "value": "orderBy",
                    },
                  },
                },
                Object {
                  "kind": "Argument",
                  "name": Object {
                    "kind": "Name",
                    "value": "from",
                  },
                  "value": Object {
                    "kind": "Variable",
                    "name": Object {
                      "kind": "Name",
                      "value": "from",
                    },
                  },
                },
                Object {
                  "kind": "Argument",
                  "name": Object {
                    "kind": "Name",
                    "value": "to",
                  },
                  "value": Object {
                    "kind": "Variable",
                    "name": Object {
                      "kind": "Name",
                      "value": "to",
                    },
                  },
                },
                Object {
                  "kind": "Argument",
                  "name": Object {
                    "kind": "Name",
                    "value": "salesChannel",
                  },
                  "value": Object {
                    "kind": "Variable",
                    "name": Object {
                      "kind": "Name",
                      "value": "salesChannel",
                    },
                  },
                },
              ],
              "directives": Array [],
              "kind": "Field",
              "name": Object {
                "kind": "Name",
                "value": "products",
              },
              "selectionSet": Object {
                "kind": "SelectionSet",
                "selections": Array [
                  Object {
                    "arguments": Array [],
                    "directives": Array [],
                    "kind": "Field",
                    "name": Object {
                      "kind": "Name",
                      "value": "productId",
                    },
                  },
                  Object {
                    "arguments": Array [],
                    "directives": Array [],
                    "kind": "Field",
                    "name": Object {
                      "kind": "Name",
                      "value": "productName",
                    },
                  },
                  Object {
                    "arguments": Array [],
                    "directives": Array [],
                    "kind": "Field",
                    "name": Object {
                      "kind": "Name",
                      "value": "linkText",
                    },
                  },
                  Object {
                    "arguments": Array [],
                    "directives": Array [],
                    "kind": "Field",
                    "name": Object {
                      "kind": "Name",
                      "value": "description",
                    },
                  },
                  Object {
                    "arguments": Array [],
                    "directives": Array [],
                    "kind": "Field",
                    "name": Object {
                      "kind": "Name",
                      "value": "items",
                    },
                    "selectionSet": Object {
                      "kind": "SelectionSet",
                      "selections": Array [
                        Object {
                          "arguments": Array [],
                          "directives": Array [],
                          "kind": "Field",
                          "name": Object {
                            "kind": "Name",
                            "value": "itemId",
                          },
                        },
                        Object {
                          "arguments": Array [],
                          "directives": Array [],
                          "kind": "Field",
                          "name": Object {
                            "kind": "Name",
                            "value": "name",
                          },
                        },
                        Object {
                          "arguments": Array [],
                          "directives": Array [],
                          "kind": "Field",
                          "name": Object {
                            "kind": "Name",
                            "value": "nameComplete",
                          },
                        },
                        Object {
                          "arguments": Array [],
                          "directives": Array [],
                          "kind": "Field",
                          "name": Object {
                            "kind": "Name",
                            "value": "complementName",
                          },
                        },
                        Object {
                          "arguments": Array [],
                          "directives": Array [],
                          "kind": "Field",
                          "name": Object {
                            "kind": "Name",
                            "value": "ean",
                          },
                        },
                        Object {
                          "arguments": Array [],
                          "directives": Array [],
                          "kind": "Field",
                          "name": Object {
                            "kind": "Name",
                            "value": "referenceId",
                          },
                          "selectionSet": Object {
                            "kind": "SelectionSet",
                            "selections": Array [
                              Object {
                                "arguments": Array [],
                                "directives": Array [],
                                "kind": "Field",
                                "name": Object {
                                  "kind": "Name",
                                  "value": "Key",
                                },
                              },
                              Object {
                                "arguments": Array [],
                                "directives": Array [],
                                "kind": "Field",
                                "name": Object {
                                  "kind": "Name",
                                  "value": "Value",
                                },
                              },
                            ],
                          },
                        },
                        Object {
                          "arguments": Array [],
                          "directives": Array [],
                          "kind": "Field",
                          "name": Object {
                            "kind": "Name",
                            "value": "measurementUnit",
                          },
                        },
                        Object {
                          "arguments": Array [],
                          "directives": Array [],
                          "kind": "Field",
                          "name": Object {
                            "kind": "Name",
                            "value": "unitMultiplier",
                          },
                        },
                        Object {
                          "arguments": Array [],
                          "directives": Array [],
                          "kind": "Field",
                          "name": Object {
                            "kind": "Name",
                            "value": "images",
                          },
                          "selectionSet": Object {
                            "kind": "SelectionSet",
                            "selections": Array [
                              Object {
                                "arguments": Array [],
                                "directives": Array [],
                                "kind": "Field",
                                "name": Object {
                                  "kind": "Name",
                                  "value": "imageId",
                                },
                              },
                              Object {
                                "arguments": Array [],
                                "directives": Array [],
                                "kind": "Field",
                                "name": Object {
                                  "kind": "Name",
                                  "value": "imageLabel",
                                },
                              },
                              Object {
                                "arguments": Array [],
                                "directives": Array [],
                                "kind": "Field",
                                "name": Object {
                                  "kind": "Name",
                                  "value": "imageTag",
                                },
                              },
                              Object {
                                "arguments": Array [],
                                "directives": Array [],
                                "kind": "Field",
                                "name": Object {
                                  "kind": "Name",
                                  "value": "imageUrl",
                                },
                              },
                              Object {
                                "arguments": Array [],
                                "directives": Array [],
                                "kind": "Field",
                                "name": Object {
                                  "kind": "Name",
                                  "value": "imageText",
                                },
                              },
                            ],
                          },
                        },
                        Object {
                          "arguments": Array [],
                          "directives": Array [],
                          "kind": "Field",
                          "name": Object {
                            "kind": "Name",
                            "value": "sellers",
                          },
                          "selectionSet": Object {
                            "kind": "SelectionSet",
                            "selections": Array [
                              Object {
                                "arguments": Array [],
                                "directives": Array [],
                                "kind": "Field",
                                "name": Object {
                                  "kind": "Name",
                                  "value": "sellerId",
                                },
                              },
                              Object {
                                "arguments": Array [],
                                "directives": Array [],
                                "kind": "Field",
                                "name": Object {
                                  "kind": "Name",
                                  "value": "sellerName",
                                },
                              },
                              Object {
                                "arguments": Array [],
                                "directives": Array [],
                                "kind": "Field",
                                "name": Object {
                                  "kind": "Name",
                                  "value": "commertialOffer",
                                },
                                "selectionSet": Object {
                                  "kind": "SelectionSet",
                                  "selections": Array [
                                    Object {
                                      "arguments": Array [],
                                      "directives": Array [],
                                      "kind": "Field",
                                      "name": Object {
                                        "kind": "Name",
                                        "value": "Price",
                                      },
                                    },
                                    Object {
                                      "arguments": Array [],
                                      "directives": Array [],
                                      "kind": "Field",
                                      "name": Object {
                                        "kind": "Name",
                                        "value": "ListPrice",
                                      },
                                    },
                                    Object {
                                      "arguments": Array [],
                                      "directives": Array [],
                                      "kind": "Field",
                                      "name": Object {
                                        "kind": "Name",
                                        "value": "PriceWithoutDiscount",
                                      },
                                    },
                                    Object {
                                      "arguments": Array [],
                                      "directives": Array [],
                                      "kind": "Field",
                                      "name": Object {
                                        "kind": "Name",
                                        "value": "RewardValue",
                                      },
                                    },
                                    Object {
                                      "arguments": Array [],
                                      "directives": Array [],
                                      "kind": "Field",
                                      "name": Object {
                                        "kind": "Name",
                                        "value": "PriceValidUntil",
                                      },
                                    },
                                    Object {
                                      "arguments": Array [],
                                      "directives": Array [],
                                      "kind": "Field",
                                      "name": Object {
                                        "kind": "Name",
                                        "value": "AvailableQuantity",
                                      },
                                    },
                                  ],
                                },
                              },
                            ],
                          },
                        },
                      ],
                    },
                  },
                ],
              },
            },
          ],
        },
        "variableDefinitions": Array [
          Object {
            "kind": "VariableDefinition",
            "type": Object {
              "kind": "NamedType",
              "name": Object {
                "kind": "Name",
                "value": "String",
              },
            },
            "variable": Object {
              "kind": "Variable",
              "name": Object {
                "kind": "Name",
                "value": "query",
              },
            },
          },
          Object {
            "kind": "VariableDefinition",
            "type": Object {
              "kind": "NamedType",
              "name": Object {
                "kind": "Name",
                "value": "String",
              },
            },
            "variable": Object {
              "kind": "Variable",
              "name": Object {
                "kind": "Name",
                "value": "category",
              },
            },
          },
          Object {
            "kind": "VariableDefinition",
            "type": Object {
              "kind": "ListType",
              "type": Object {
                "kind": "NamedType",
                "name": Object {
                  "kind": "Name",
                  "value": "String",
                },
              },
            },
            "variable": Object {
              "kind": "Variable",
              "name": Object {
                "kind": "Name",
                "value": "specificationFilters",
              },
            },
          },
          Object {
            "kind": "VariableDefinition",
            "type": Object {
              "kind": "NamedType",
              "name": Object {
                "kind": "Name",
                "value": "String",
              },
            },
            "variable": Object {
              "kind": "Variable",
              "name": Object {
                "kind": "Name",
                "value": "priceRange",
              },
            },
          },
          Object {
            "kind": "VariableDefinition",
            "type": Object {
              "kind": "NamedType",
              "name": Object {
                "kind": "Name",
                "value": "String",
              },
            },
            "variable": Object {
              "kind": "Variable",
              "name": Object {
                "kind": "Name",
                "value": "collection",
              },
            },
          },
          Object {
            "kind": "VariableDefinition",
            "type": Object {
              "kind": "NamedType",
              "name": Object {
                "kind": "Name",
                "value": "String",
              },
            },
            "variable": Object {
              "kind": "Variable",
              "name": Object {
                "kind": "Name",
                "value": "orderBy",
              },
            },
          },
          Object {
            "kind": "VariableDefinition",
            "type": Object {
              "kind": "NamedType",
              "name": Object {
                "kind": "Name",
                "value": "Int",
              },
            },
            "variable": Object {
              "kind": "Variable",
              "name": Object {
                "kind": "Name",
                "value": "from",
              },
            },
          },
          Object {
            "kind": "VariableDefinition",
            "type": Object {
              "kind": "NamedType",
              "name": Object {
                "kind": "Name",
                "value": "Int",
              },
            },
            "variable": Object {
              "kind": "Variable",
              "name": Object {
                "kind": "Name",
                "value": "to",
              },
            },
          },
          Object {
            "kind": "VariableDefinition",
            "type": Object {
              "kind": "NamedType",
              "name": Object {
                "kind": "Name",
                "value": "String",
              },
            },
            "variable": Object {
              "kind": "Variable",
              "name": Object {
                "kind": "Name",
                "value": "salesChannel",
              },
            },
          },
        ],
      },
    ],
    "kind": "Document",
    "loc": Object {
      "end": 1168,
      "source": Object {
        "body": "query Products(
    $query: String
    $category: String
    $specificationFilters: [String]
    $priceRange: String
    $collection: String
    $orderBy: String
    $from: Int
    $to: Int
    $salesChannel: String
  ) {
    products(
      query: $query
      category: $category
      specificationFilters: $specificationFilters
      priceRange: $priceRange
      collection: $collection
      orderBy: $orderBy
      from: $from
      to: $to
      salesChannel: $salesChannel
    ) {
      productId
      productName
      linkText
      description
      items {
        itemId
        name
        nameComplete
        complementName
        ean
        referenceId {
          Key
          Value
        }
        measurementUnit
        unitMultiplier
        images {
          imageId
          imageLabel
          imageTag
          imageUrl
          imageText
        }
        sellers {
          sellerId
          sellerName
          commertialOffer {
            Price
            ListPrice
            PriceWithoutDiscount
            RewardValue
            PriceValidUntil
            AvailableQuantity
          }
        }
      }
    }
  }",
        "locationOffset": Object {
          "column": 1,
          "line": 1,
        },
        "name": "GraphQL request",
      },
      "start": 0,
    },
  },
  "definitions": Array [
    Object {
      "directives": Array [],
      "kind": "OperationDefinition",
      "name": Object {
        "kind": "Name",
        "value": "Products",
      },
      "operation": "query",
      "selectionSet": Object {
        "kind": "SelectionSet",
        "selections": Array [
          Object {
            "arguments": Array [
              Object {
                "kind": "Argument",
                "name": Object {
                  "kind": "Name",
                  "value": "query",
                },
                "value": Object {
                  "kind": "Variable",
                  "name": Object {
                    "kind": "Name",
                    "value": "query",
                  },
                },
              },
              Object {
                "kind": "Argument",
                "name": Object {
                  "kind": "Name",
                  "value": "category",
                },
                "value": Object {
                  "kind": "Variable",
                  "name": Object {
                    "kind": "Name",
                    "value": "category",
                  },
                },
              },
              Object {
                "kind": "Argument",
                "name": Object {
                  "kind": "Name",
                  "value": "specificationFilters",
                },
                "value": Object {
                  "kind": "Variable",
                  "name": Object {
                    "kind": "Name",
                    "value": "specificationFilters",
                  },
                },
              },
              Object {
                "kind": "Argument",
                "name": Object {
                  "kind": "Name",
                  "value": "priceRange",
                },
                "value": Object {
                  "kind": "Variable",
                  "name": Object {
                    "kind": "Name",
                    "value": "priceRange",
                  },
                },
              },
              Object {
                "kind": "Argument",
                "name": Object {
                  "kind": "Name",
                  "value": "collection",
                },
                "value": Object {
                  "kind": "Variable",
                  "name": Object {
                    "kind": "Name",
                    "value": "collection",
                  },
                },
              },
              Object {
                "kind": "Argument",
                "name": Object {
                  "kind": "Name",
                  "value": "orderBy",
                },
                "value": Object {
                  "kind": "Variable",
                  "name": Object {
                    "kind": "Name",
                    "value": "orderBy",
                  },
                },
              },
              Object {
                "kind": "Argument",
                "name": Object {
                  "kind": "Name",
                  "value": "from",
                },
                "value": Object {
                  "kind": "Variable",
                  "name": Object {
                    "kind": "Name",
                    "value": "from",
                  },
                },
              },
              Object {
                "kind": "Argument",
                "name": Object {
                  "kind": "Name",
                  "value": "to",
                },
                "value": Object {
                  "kind": "Variable",
                  "name": Object {
                    "kind": "Name",
                    "value": "to",
                  },
                },
              },
              Object {
                "kind": "Argument",
                "name": Object {
                  "kind": "Name",
                  "value": "salesChannel",
                },
                "value": Object {
                  "kind": "Variable",
                  "name": Object {
                    "kind": "Name",
                    "value": "salesChannel",
                  },
                },
              },
            ],
            "directives": Array [],
            "kind": "Field",
            "name": Object {
              "kind": "Name",
              "value": "products",
            },
            "selectionSet": Object {
              "kind": "SelectionSet",
              "selections": Array [
                Object {
                  "arguments": Array [],
                  "directives": Array [],
                  "kind": "Field",
                  "name": Object {
                    "kind": "Name",
                    "value": "productId",
                  },
                },
                Object {
                  "arguments": Array [],
                  "directives": Array [],
                  "kind": "Field",
                  "name": Object {
                    "kind": "Name",
                    "value": "productName",
                  },
                },
                Object {
                  "arguments": Array [],
                  "directives": Array [],
                  "kind": "Field",
                  "name": Object {
                    "kind": "Name",
                    "value": "linkText",
                  },
                },
                Object {
                  "arguments": Array [],
                  "directives": Array [],
                  "kind": "Field",
                  "name": Object {
                    "kind": "Name",
                    "value": "description",
                  },
                },
                Object {
                  "arguments": Array [],
                  "directives": Array [],
                  "kind": "Field",
                  "name": Object {
                    "kind": "Name",
                    "value": "items",
                  },
                  "selectionSet": Object {
                    "kind": "SelectionSet",
                    "selections": Array [
                      Object {
                        "arguments": Array [],
                        "directives": Array [],
                        "kind": "Field",
                        "name": Object {
                          "kind": "Name",
                          "value": "itemId",
                        },
                      },
                      Object {
                        "arguments": Array [],
                        "directives": Array [],
                        "kind": "Field",
                        "name": Object {
                          "kind": "Name",
                          "value": "name",
                        },
                      },
                      Object {
                        "arguments": Array [],
                        "directives": Array [],
                        "kind": "Field",
                        "name": Object {
                          "kind": "Name",
                          "value": "nameComplete",
                        },
                      },
                      Object {
                        "arguments": Array [],
                        "directives": Array [],
                        "kind": "Field",
                        "name": Object {
                          "kind": "Name",
                          "value": "complementName",
                        },
                      },
                      Object {
                        "arguments": Array [],
                        "directives": Array [],
                        "kind": "Field",
                        "name": Object {
                          "kind": "Name",
                          "value": "ean",
                        },
                      },
                      Object {
                        "arguments": Array [],
                        "directives": Array [],
                        "kind": "Field",
                        "name": Object {
                          "kind": "Name",
                          "value": "referenceId",
                        },
                        "selectionSet": Object {
                          "kind": "SelectionSet",
                          "selections": Array [
                            Object {
                              "arguments": Array [],
                              "directives": Array [],
                              "kind": "Field",
                              "name": Object {
                                "kind": "Name",
                                "value": "Key",
                              },
                            },
                            Object {
                              "arguments": Array [],
                              "directives": Array [],
                              "kind": "Field",
                              "name": Object {
                                "kind": "Name",
                                "value": "Value",
                              },
                            },
                          ],
                        },
                      },
                      Object {
                        "arguments": Array [],
                        "directives": Array [],
                        "kind": "Field",
                        "name": Object {
                          "kind": "Name",
                          "value": "measurementUnit",
                        },
                      },
                      Object {
                        "arguments": Array [],
                        "directives": Array [],
                        "kind": "Field",
                        "name": Object {
                          "kind": "Name",
                          "value": "unitMultiplier",
                        },
                      },
                      Object {
                        "arguments": Array [],
                        "directives": Array [],
                        "kind": "Field",
                        "name": Object {
                          "kind": "Name",
                          "value": "images",
                        },
                        "selectionSet": Object {
                          "kind": "SelectionSet",
                          "selections": Array [
                            Object {
                              "arguments": Array [],
                              "directives": Array [],
                              "kind": "Field",
                              "name": Object {
                                "kind": "Name",
                                "value": "imageId",
                              },
                            },
                            Object {
                              "arguments": Array [],
                              "directives": Array [],
                              "kind": "Field",
                              "name": Object {
                                "kind": "Name",
                                "value": "imageLabel",
                              },
                            },
                            Object {
                              "arguments": Array [],
                              "directives": Array [],
                              "kind": "Field",
                              "name": Object {
                                "kind": "Name",
                                "value": "imageTag",
                              },
                            },
                            Object {
                              "arguments": Array [],
                              "directives": Array [],
                              "kind": "Field",
                              "name": Object {
                                "kind": "Name",
                                "value": "imageUrl",
                              },
                            },
                            Object {
                              "arguments": Array [],
                              "directives": Array [],
                              "kind": "Field",
                              "name": Object {
                                "kind": "Name",
                                "value": "imageText",
                              },
                            },
                          ],
                        },
                      },
                      Object {
                        "arguments": Array [],
                        "directives": Array [],
                        "kind": "Field",
                        "name": Object {
                          "kind": "Name",
                          "value": "sellers",
                        },
                        "selectionSet": Object {
                          "kind": "SelectionSet",
                          "selections": Array [
                            Object {
                              "arguments": Array [],
                              "directives": Array [],
                              "kind": "Field",
                              "name": Object {
                                "kind": "Name",
                                "value": "sellerId",
                              },
                            },
                            Object {
                              "arguments": Array [],
                              "directives": Array [],
                              "kind": "Field",
                              "name": Object {
                                "kind": "Name",
                                "value": "sellerName",
                              },
                            },
                            Object {
                              "arguments": Array [],
                              "directives": Array [],
                              "kind": "Field",
                              "name": Object {
                                "kind": "Name",
                                "value": "commertialOffer",
                              },
                              "selectionSet": Object {
                                "kind": "SelectionSet",
                                "selections": Array [
                                  Object {
                                    "arguments": Array [],
                                    "directives": Array [],
                                    "kind": "Field",
                                    "name": Object {
                                      "kind": "Name",
                                      "value": "Price",
                                    },
                                  },
                                  Object {
                                    "arguments": Array [],
                                    "directives": Array [],
                                    "kind": "Field",
                                    "name": Object {
                                      "kind": "Name",
                                      "value": "ListPrice",
                                    },
                                  },
                                  Object {
                                    "arguments": Array [],
                                    "directives": Array [],
                                    "kind": "Field",
                                    "name": Object {
                                      "kind": "Name",
                                      "value": "PriceWithoutDiscount",
                                    },
                                  },
                                  Object {
                                    "arguments": Array [],
                                    "directives": Array [],
                                    "kind": "Field",
                                    "name": Object {
                                      "kind": "Name",
                                      "value": "RewardValue",
                                    },
                                  },
                                  Object {
                                    "arguments": Array [],
                                    "directives": Array [],
                                    "kind": "Field",
                                    "name": Object {
                                      "kind": "Name",
                                      "value": "PriceValidUntil",
                                    },
                                  },
                                  Object {
                                    "arguments": Array [],
                                    "directives": Array [],
                                    "kind": "Field",
                                    "name": Object {
                                      "kind": "Name",
                                      "value": "AvailableQuantity",
                                    },
                                  },
                                ],
                              },
                            },
                          ],
                        },
                      },
                    ],
                  },
                },
              ],
            },
          },
        ],
      },
      "variableDefinitions": Array [
        Object {
          "kind": "VariableDefinition",
          "type": Object {
            "kind": "NamedType",
            "name": Object {
              "kind": "Name",
              "value": "String",
            },
          },
          "variable": Object {
            "kind": "Variable",
            "name": Object {
              "kind": "Name",
              "value": "query",
            },
          },
        },
        Object {
          "kind": "VariableDefinition",
          "type": Object {
            "kind": "NamedType",
            "name": Object {
              "kind": "Name",
              "value": "String",
            },
          },
          "variable": Object {
            "kind": "Variable",
            "name": Object {
              "kind": "Name",
              "value": "category",
            },
          },
        },
        Object {
          "kind": "VariableDefinition",
          "type": Object {
            "kind": "ListType",
            "type": Object {
              "kind": "NamedType",
              "name": Object {
                "kind": "Name",
                "value": "String",
              },
            },
          },
          "variable": Object {
            "kind": "Variable",
            "name": Object {
              "kind": "Name",
              "value": "specificationFilters",
            },
          },
        },
        Object {
          "kind": "VariableDefinition",
          "type": Object {
            "kind": "NamedType",
            "name": Object {
              "kind": "Name",
              "value": "String",
            },
          },
          "variable": Object {
            "kind": "Variable",
            "name": Object {
              "kind": "Name",
              "value": "priceRange",
            },
          },
        },
        Object {
          "kind": "VariableDefinition",
          "type": Object {
            "kind": "NamedType",
            "name": Object {
              "kind": "Name",
              "value": "String",
            },
          },
          "variable": Object {
            "kind": "Variable",
            "name": Object {
              "kind": "Name",
              "value": "collection",
            },
          },
        },
        Object {
          "kind": "VariableDefinition",
          "type": Object {
            "kind": "NamedType",
            "name": Object {
              "kind": "Name",
              "value": "String",
            },
          },
          "variable": Object {
            "kind": "Variable",
            "name": Object {
              "kind": "Name",
              "value": "orderBy",
            },
          },
        },
        Object {
          "kind": "VariableDefinition",
          "type": Object {
            "kind": "NamedType",
            "name": Object {
              "kind": "Name",
              "value": "Int",
            },
          },
          "variable": Object {
            "kind": "Variable",
            "name": Object {
              "kind": "Name",
              "value": "from",
            },
          },
        },
        Object {
          "kind": "VariableDefinition",
          "type": Object {
            "kind": "NamedType",
            "name": Object {
              "kind": "Name",
              "value": "Int",
            },
          },
          "variable": Object {
            "kind": "Variable",
            "name": Object {
              "kind": "Name",
              "value": "to",
            },
          },
        },
        Object {
          "kind": "VariableDefinition",
          "type": Object {
            "kind": "NamedType",
            "name": Object {
              "kind": "Name",
              "value": "String",
            },
          },
          "variable": Object {
            "kind": "Variable",
            "name": Object {
              "kind": "Name",
              "value": "salesChannel",
            },
          },
        },
      ],
    },
  ],
  "kind": "Document",
  "loc": Object {
    "end": 1168,
    "source": Object {
      "body": "query Products(
    $query: String
    $category: String
    $specificationFilters: [String]
    $priceRange: String
    $collection: String
    $orderBy: String
    $from: Int
    $to: Int
    $salesChannel: String
  ) {
    products(
      query: $query
      category: $category
      specificationFilters: $specificationFilters
      priceRange: $priceRange
      collection: $collection
      orderBy: $orderBy
      from: $from
      to: $to
      salesChannel: $salesChannel
    ) {
      productId
      productName
      linkText
      description
      items {
        itemId
        name
        nameComplete
        complementName
        ean
        referenceId {
          Key
          Value
        }
        measurementUnit
        unitMultiplier
        images {
          imageId
          imageLabel
          imageTag
          imageUrl
          imageText
        }
        sellers {
          sellerId
          sellerName
          commertialOffer {
            Price
            ListPrice
            PriceWithoutDiscount
            RewardValue
            PriceValidUntil
            AvailableQuantity
          }
        }
      }
    }
  }",
      "locationOffset": Object {
        "column": 1,
        "line": 1,
      },
      "name": "GraphQL request",
    },
    "start": 0,
  },
}
`;
